[dashkit.goodthemes.co/index.html]
[dashkit.goodthemes.co/assets/fonts/feather/feather.css]
[dashkit.goodthemes.co/assets/libs/flatpickr/dist/flatpickr.min.css]
[dashkit.goodthemes.co/assets/libs/quill/dist/quill.core.css]
[dashkit.goodthemes.co/assets/libs/highlightjs/styles/vs2015.css]
[api.mapbox.com/mapbox-gl-js/v0.53.0/mapbox-gl.css]
[backblue.gif]
[fade.gif]
[index.html]
[dashkit.goodthemes.co/assets/css/theme.min.css]
[dashkit.goodthemes.co/assets/css/theme-dark.min.css]
[dashkit.goodthemes.co/profile-posts.html]
[dashkit.goodthemes.co/assets/img/avatars/profiles/avatar-5.jpg]
[dashkit.goodthemes.co/assets/img/illustrations/designer-life.svg]
[dashkit.goodthemes.co/assets/img/avatars/profiles/avatar-6.jpg]
[dashkit.goodthemes.co/assets/img/avatars/profiles/avatar-7.jpg]
[dashkit.goodthemes.co/assets/img/avatars/profiles/avatar-8.jpg]
[dashkit.goodthemes.co/team-overview.html]
[dashkit.goodthemes.co/assets/img/avatars/teams/team-logo-1.jpg]
[dashkit.goodthemes.co/assets/img/avatars/teams/team-logo-2.jpg]
[dashkit.goodthemes.co/project-overview.html]
[dashkit.goodthemes.co/assets/img/avatars/projects/project-1.jpg]
[dashkit.goodthemes.co/assets/img/avatars/projects/project-2.jpg]
[dashkit.goodthemes.co/assets/img/avatars/projects/project-3.jpg]
[dashkit.goodthemes.co/assets/img/avatars/profiles/avatar-1.jpg]
[dashkit.goodthemes.co/assets/img/avatars/profiles/avatar-2.jpg]
[dashkit.goodthemes.co/assets/img/avatars/profiles/avatar-3.jpg]
[dashkit.goodthemes.co/assets/img/avatars/profiles/avatar-4.jpg]
[dashkit.goodthemes.co/assets/img/files/file-1.jpg]
[dashkit.goodthemes.co/assets/img/logo.svg]
[dashkit.goodthemes.co/account-general.html]
[dashkit.goodthemes.co/sign-in.html]
[dashkit.goodthemes.co/dashboard-project-management.html]
[dashkit.goodthemes.co/dashboard-ecommerce.html]
[dashkit.goodthemes.co/profile-groups.html]
[dashkit.goodthemes.co/profile-projects.html]
[dashkit.goodthemes.co/profile-files.html]
[dashkit.goodthemes.co/profile-subscribers.html]
[dashkit.goodthemes.co/project-files.html]
[dashkit.goodthemes.co/project-reports.html]
[dashkit.goodthemes.co/project-new.html]
[dashkit.goodthemes.co/team-projects.html]
[dashkit.goodthemes.co/team-members.html]
[dashkit.goodthemes.co/team-new.html]
[dashkit.goodthemes.co/feed.html]
[dashkit.goodthemes.co/social-feed.html]
[dashkit.goodthemes.co/account-billing.html]
[dashkit.goodthemes.co/account-members.html]
[dashkit.goodthemes.co/account-notifications.html]
[dashkit.goodthemes.co/account-security.html]
[dashkit.goodthemes.co/crm-contacts.html]
[dashkit.goodthemes.co/crm-companies.html]
[dashkit.goodthemes.co/crm-deals.html]
[dashkit.goodthemes.co/wizard.html]
[dashkit.goodthemes.co/kanban.html]
[dashkit.goodthemes.co/orders.html]
[dashkit.goodthemes.co/invoice.html]
[dashkit.goodthemes.co/pricing.html]
[dashkit.goodthemes.co/widgets.html]
[dashkit.goodthemes.co/sign-in-cover.html]
[dashkit.goodthemes.co/sign-in-illustration.html]
[dashkit.goodthemes.co/sign-up-cover.html]
[dashkit.goodthemes.co/sign-up-illustration.html]
[dashkit.goodthemes.co/sign-up.html]
[dashkit.goodthemes.co/password-reset-cover.html]
[dashkit.goodthemes.co/password-reset-illustration.html]
[dashkit.goodthemes.co/password-reset.html]
[dashkit.goodthemes.co/error-illustration.html]
[dashkit.goodthemes.co/error.html]
[dashkit.goodthemes.co/docs/getting-started.html]
[dashkit.goodthemes.co/docs/design-file.html]
[dashkit.goodthemes.co/docs/components.html]
[dashkit.goodthemes.co/docs/changelog.html]
[dashkit.goodthemes.co/sign-in-basics.html]
[dashkit.goodthemes.co/assets/img/avatars/projects/project-5.jpg]
[dashkit.goodthemes.co/assets/libs/jquery/dist/jquery.min.js]
[dashkit.goodthemes.co/assets/libs/bootstrap/dist/js/bootstrap.bundle.min.js]
[dashkit.goodthemes.co/assets/libs/@shopify/draggable/lib/es5/draggable.bundle.legacy.js]
[dashkit.goodthemes.co/assets/libs/autosize/dist/autosize.min.js]
[dashkit.goodthemes.co/assets/libs/chart.js/dist/Chart.min.js]
[dashkit.goodthemes.co/assets/libs/dropzone/dist/min/dropzone.min.js]
[dashkit.goodthemes.co/assets/libs/flatpickr/dist/flatpickr.min.js]
[dashkit.goodthemes.co/assets/libs/jquery-mask-plugin/dist/jquery.mask.min.js]
[dashkit.goodthemes.co/assets/libs/list.js/dist/list.min.js]
[dashkit.goodthemes.co/assets/libs/highlightjs/highlight.pack.min.js]
[dashkit.goodthemes.co/assets/libs/quill/dist/quill.min.js]
[dashkit.goodthemes.co/assets/libs/select2/dist/js/select2.full.min.js]
[dashkit.goodthemes.co/assets/libs/chart.js/Chart.extension.js]
[dashkit.goodthemes.co/assets/js/theme.min.js]
[api.mapbox.com/mapbox-gl-js/v0.53.0/mapbox-gl.js]
[dashkit.goodthemes.co/assets/js/dashkit.min.js]
[dashkit.goodthemes.co/index.html]
[dashkit.goodthemes.co/assets/fonts/feather/fonts/Feather144f.ttf]
[dashkit.goodthemes.co/assets/fonts/feather/fonts/Feather144f.woff]
[dashkit.goodthemes.co/assets/fonts/feather/feather.css]
[dashkit.goodthemes.co/assets/libs/flatpickr/dist/flatpickr.min.css]
[dashkit.goodthemes.co/assets/libs/quill/dist/quill.core.css]
[dashkit.goodthemes.co/assets/libs/highlightjs/styles/vs2015.css]
[api.mapbox.com/mapbox-gl-js/v0.53.0/mapbox-gl.css]
[dashkit.goodthemes.co/assets/fonts/feather/fonts/Feather144f.svg]
[dashkit.goodthemes.co/assets/img/covers/sidebar-cover.jpg]
[dashkit.goodthemes.co/assets/fonts/cerebrisans/cerebrisans-regular.eot]
[dashkit.goodthemes.co/assets/fonts/cerebrisans/cerebrisans-regulard41d.eot]
[dashkit.goodthemes.co/assets/fonts/cerebrisans/cerebrisans-regular.woff]
[dashkit.goodthemes.co/assets/fonts/cerebrisans/cerebrisans-regular.ttf]
[dashkit.goodthemes.co/assets/fonts/cerebrisans/cerebrisans-medium.eot]
[dashkit.goodthemes.co/assets/fonts/cerebrisans/cerebrisans-mediumd41d.eot]
[dashkit.goodthemes.co/assets/fonts/cerebrisans/cerebrisans-medium.woff]
[dashkit.goodthemes.co/assets/fonts/cerebrisans/cerebrisans-medium.ttf]
[dashkit.goodthemes.co/assets/fonts/cerebrisans/cerebrisans-semibold.eot]
[dashkit.goodthemes.co/assets/fonts/cerebrisans/cerebrisans-semiboldd41d.eot]
[dashkit.goodthemes.co/assets/fonts/cerebrisans/cerebrisans-semibold.woff]
[dashkit.goodthemes.co/assets/fonts/cerebrisans/cerebrisans-semibold.ttf]
[dashkit.goodthemes.co/assets/img/covers/header-cover.jpg]
[dashkit.goodthemes.co/assets/img/masks/avatar-status.svg]
[dashkit.goodthemes.co/assets/img/masks/avatar-group.svg]
[dashkit.goodthemes.co/assets/img/masks/avatar-group-hover.svg]
[dashkit.goodthemes.co/assets/img/masks/avatar-group-hover-last.svg]
[dashkit.goodthemes.co/assets/img/masks/icon-status.svg]
[dashkit.goodthemes.co/assets/css/theme.min.css]
[dashkit.goodthemes.co/assets/css/theme-dark.min.css]
[dashkit.goodthemes.co/assets/img/illustrations/designer-life.svg]
[dashkit.goodthemes.co/assets/img/covers/profile-cover-1.jpg]
[dashkit.goodthemes.co/assets/img/posts/post-1.jpg]
[dashkit.goodthemes.co/profile-posts.html]
[dashkit.goodthemes.co/assets/img/covers/team-cover.jpg]
[dashkit.goodthemes.co/team-overview.html]
[dashkit.goodthemes.co/profile-posts-2.htmL]
[dashkit.goodthemes.co/assets/img/files/file-2.jpg]
[dashkit.goodthemes.co/assets/img/files/file-3.jpg]
[dashkit.goodthemes.co/project-overview.html]
[dashkit.goodthemes.co/assets/img/logo.svg]
[dashkit.goodthemes.co/account-general.html]
[dashkit.goodthemes.co/sign-in.html]
[dashkit.goodthemes.co/dashboard-project-management.html]
[dashkit.goodthemes.co/assets/img/avatars/products/product-1.jpg]
[dashkit.goodthemes.co/assets/img/avatars/products/product-2.jpg]
[dashkit.goodthemes.co/assets/img/avatars/products/product-3.jpg]
[dashkit.goodthemes.co/assets/img/avatars/products/product-4.jpg]
[dashkit.goodthemes.co/dashboard-ecommerce.html]
[dashkit.goodthemes.co/assets/img/avatars/teams/team-logo-3.jpg]
[dashkit.goodthemes.co/assets/img/avatars/teams/team-logo-4.jpg]
[dashkit.goodthemes.co/assets/img/avatars/teams/team-logo-5.jpg]
[dashkit.goodthemes.co/assets/img/avatars/teams/team-logo-6.jpg]
[dashkit.goodthemes.co/assets/img/avatars/teams/team-logo-7.jpg]
[dashkit.goodthemes.co/assets/img/avatars/teams/team-logo-8.jpg]
[dashkit.goodthemes.co/profile-groups.html]
[dashkit.goodthemes.co/assets/img/avatars/projects/project-4.jpg]
[dashkit.goodthemes.co/assets/img/avatars/projects/project-6.jpg]
[dashkit.goodthemes.co/profile-projects.html]
[dashkit.goodthemes.co/assets/img/files/file-4.jpg]
[dashkit.goodthemes.co/profile-files.html]
[dashkit.goodthemes.co/assets/img/covers/profile-cover-2.jpg]
[dashkit.goodthemes.co/assets/img/covers/profile-cover-3.jpg]
[dashkit.goodthemes.co/assets/img/covers/profile-cover-4.jpg]
[dashkit.goodthemes.co/assets/img/covers/profile-cover-5.jpg]
[dashkit.goodthemes.co/assets/img/covers/profile-cover-6.jpg]
[dashkit.goodthemes.co/assets/img/covers/profile-cover-7.jpg]
[dashkit.goodthemes.co/profile-subscribers.html]
[dashkit.goodthemes.co/project-files.html]
[dashkit.goodthemes.co/project-reports.html]
[dashkit.goodthemes.co/project-new.html]
[dashkit.goodthemes.co/team-projects.html]
[dashkit.goodthemes.co/team-members.html]
[dashkit.goodthemes.co/team-new.html]
[dashkit.goodthemes.co/assets/img/illustrations/scale.svg]
[dashkit.goodthemes.co/assets/img/illustrations/sticky.svg]
[dashkit.goodthemes.co/feed.html]
[dashkit.goodthemes.co/assets/img/illustrations/happiness.svg]
[dashkit.goodthemes.co/assets/img/kanban/kanban-2.jpg]
[dashkit.goodthemes.co/social-feed.html]
[dashkit.goodthemes.co/assets/img/payment-methods/visa.svg]
[dashkit.goodthemes.co/assets/img/payment-methods/mastercard.svg]
[dashkit.goodthemes.co/account-billing.html]
[dashkit.goodthemes.co/account-members.html]
[dashkit.goodthemes.co/account-security.html]
[dashkit.goodthemes.co/account-notifications.html]
[dashkit.goodthemes.co/crm-contacts.html]
[dashkit.goodthemes.co/crm-companies.html]
[dashkit.goodthemes.co/crm-deals.html]
[dashkit.goodthemes.co/wizard.html]
[dashkit.goodthemes.co/assets/img/kanban/kanban-1.jpg]
[dashkit.goodthemes.co/kanban.html]
[dashkit.goodthemes.co/orders.html]
[dashkit.goodthemes.co/invoice.html]
[dashkit.goodthemes.co/pricing.html]
[dashkit.goodthemes.co/project-team-overview.html]
[dashkit.goodthemes.co/widgets.html]
[dashkit.goodthemes.co/assets/img/covers/auth-side-cover.jpg]
[dashkit.goodthemes.co/sign-in-cover.html]
[dashkit.goodthemes.co/sign-in-illustration.html]
[dashkit.goodthemes.co/sign-up-cover.html]
[dashkit.goodthemes.co/sign-up-illustration.html]
[dashkit.goodthemes.co/sign-up.html]
[dashkit.goodthemes.co/password-reset-cover.html]
[dashkit.goodthemes.co/password-reset-illustration.html]
[dashkit.goodthemes.co/password-reset.html]
[dashkit.goodthemes.co/assets/img/illustrations/coworking.svg]
[dashkit.goodthemes.co/assets/img/illustrations/lost.svg]
[dashkit.goodthemes.co/error-illustration.html]
[dashkit.goodthemes.co/error.html]
[dashkit.goodthemes.co/docs/team-new.html]
[dashkit.goodthemes.co/docs/getting-started.html]
[dashkit.goodthemes.co/assets/img/figma.jpg]
[dashkit.goodthemes.co/docs/design-file.html]
[dashkit.goodthemes.co/docs/profile-posts.html]
[dashkit.goodthemes.co/docs/index.html]
[dashkit.goodthemes.co/docs/project-overview.html]
[dashkit.goodthemes.co/docs/project-files.html]
[dashkit.goodthemes.co/docs/project-reports.html]
[dashkit.goodthemes.co/docs/profile-groups.html]
[dashkit.goodthemes.co/docs/profile-projects.html]
[dashkit.goodthemes.co/docs/profile-files.html]
[dashkit.goodthemes.co/docs/profile-subscribers.html]
[dashkit.goodthemes.co/docs/feed.html]
[dashkit.goodthemes.co/docs/components.html]
[dashkit.goodthemes.co/docs/changelog.html]
[dashkit.goodthemes.co/sign-in-basics.html]
[dashkit.goodthemes.co/assets/fonts/feather/fonts/Feather144f.svg]
[dashkit.goodthemes.co/assets/img/masks/avatar-status.svg]
[dashkit.goodthemes.co/assets/img/masks/avatar-group.svg]
[dashkit.goodthemes.co/assets/img/masks/avatar-group-hover.svg]
[dashkit.goodthemes.co/assets/img/masks/avatar-group-hover-last.svg]
[dashkit.goodthemes.co/assets/img/masks/icon-status.svg]
[dashkit.goodthemes.co/profile-posts-2.html]
[dashkit.goodthemes.co/assets/img/illustrations/scale.svg]
[dashkit.goodthemes.co/assets/img/illustrations/sticky.svg]
[dashkit.goodthemes.co/assets/img/illustrations/happiness.svg]
[dashkit.goodthemes.co/assets/img/payment-methods/visa.svg]
[dashkit.goodthemes.co/assets/img/payment-methods/mastercard.svg]
[dashkit.goodthemes.co/project-team-overview.html]
[dashkit.goodthemes.co/assets/img/illustrations/coworking.svg]
[dashkit.goodthemes.co/assets/img/illustrations/lost.svg]
[dashkit.goodthemes.co/docs/team-new.html]
[dashkit.goodthemes.co/docs/profile-posts.html]
[dashkit.goodthemes.co/docs/index.html]
[dashkit.goodthemes.co/docs/project-overview.html]
[dashkit.goodthemes.co/docs/project-files.html]
[dashkit.goodthemes.co/docs/project-reports.html]
[dashkit.goodthemes.co/docs/profile-groups.html]
[dashkit.goodthemes.co/docs/profile-projects.html]
[dashkit.goodthemes.co/docs/profile-files.html]
[dashkit.goodthemes.co/docs/profile-subscribers.html]
[dashkit.goodthemes.co/docs/feed.html]
[dashkit.goodthemes.co/v/2.0.0-alpha/index.html]
[dashkit.goodthemes.co/v/2.0.0-alpha/assets/favicon/favicon.ico]
[dashkit.goodthemes.co/v/2.0.0-alpha/assets/css/libs.bundle.css]
[dashkit.goodthemes.co/v/2.0.0-alpha/assets/css/theme.bundle.css]
[dashkit.goodthemes.co/v/2.0.0-alpha/assets/css/theme-dark.bundle.css]
[dashkit.goodthemes.co/v/2.0.0-alpha/assets/img/illustrations/designer-life.svg]
[dashkit.goodthemes.co/v/2.0.0-alpha/profile-posts.html]
[dashkit.goodthemes.co/v/2.0.0-alpha/assets/img/avatars/profiles/avatar-5.jpg]
[dashkit.goodthemes.co/v/2.0.0-alpha/assets/img/avatars/profiles/avatar-6.jpg]
[dashkit.goodthemes.co/v/2.0.0-alpha/assets/img/avatars/profiles/avatar-7.jpg]
[dashkit.goodthemes.co/v/2.0.0-alpha/assets/img/avatars/profiles/avatar-8.jpg]
[dashkit.goodthemes.co/v/2.0.0-alpha/team-overview.html]
[dashkit.goodthemes.co/v/2.0.0-alpha/assets/img/avatars/teams/team-logo-1.jpg]
[dashkit.goodthemes.co/v/2.0.0-alpha/assets/img/avatars/teams/team-logo-2.jpg]
[dashkit.goodthemes.co/v/2.0.0-alpha/project-overview.html]
[dashkit.goodthemes.co/v/2.0.0-alpha/assets/img/avatars/projects/project-1.jpg]
[dashkit.goodthemes.co/v/2.0.0-alpha/assets/img/avatars/projects/project-2.jpg]
[dashkit.goodthemes.co/v/2.0.0-alpha/assets/img/avatars/projects/project-3.jpg]
[dashkit.goodthemes.co/v/2.0.0-alpha/assets/img/avatars/profiles/avatar-1.jpg]
[dashkit.goodthemes.co/v/2.0.0-alpha/assets/img/avatars/profiles/avatar-2.jpg]
[dashkit.goodthemes.co/v/2.0.0-alpha/assets/img/avatars/profiles/avatar-3.jpg]
[dashkit.goodthemes.co/v/2.0.0-alpha/assets/img/avatars/profiles/avatar-4.jpg]
[dashkit.goodthemes.co/v/2.0.0-alpha/assets/img/files/file-1.jpg]
[dashkit.goodthemes.co/v/2.0.0-alpha/index-2.html]
[dashkit.goodthemes.co/v/2.0.0-alpha/assets/img/logo.svg]
[dashkit.goodthemes.co/v/2.0.0-alpha/account-general.html]
[dashkit.goodthemes.co/v/2.0.0-alpha/sign-in.html]
[dashkit.goodthemes.co/v/2.0.0-alpha/dashboard-project-management.html]
[dashkit.goodthemes.co/v/2.0.0-alpha/dashboard-ecommerce.html]
[dashkit.goodthemes.co/v/2.0.0-alpha/account-billing.html]
[dashkit.goodthemes.co/v/2.0.0-alpha/account-members.html]
[dashkit.goodthemes.co/v/2.0.0-alpha/account-security.html]
[dashkit.goodthemes.co/v/2.0.0-alpha/account-notifications.html]
[dashkit.goodthemes.co/v/2.0.0-alpha/crm-contacts.html]
[dashkit.goodthemes.co/v/2.0.0-alpha/crm-companies.html]
[dashkit.goodthemes.co/v/2.0.0-alpha/crm-deals.html]
[dashkit.goodthemes.co/v/2.0.0-alpha/profile-groups.html]
[dashkit.goodthemes.co/v/2.0.0-alpha/profile-projects.html]
[dashkit.goodthemes.co/v/2.0.0-alpha/profile-files.html]
[dashkit.goodthemes.co/v/2.0.0-alpha/profile-subscribers.html]
[dashkit.goodthemes.co/v/2.0.0-alpha/project-files.html]
[dashkit.goodthemes.co/v/2.0.0-alpha/project-reports.html]
[dashkit.goodthemes.co/v/2.0.0-alpha/project-new.html]
[dashkit.goodthemes.co/v/2.0.0-alpha/team-projects.html]
[dashkit.goodthemes.co/v/2.0.0-alpha/team-members.html]
[dashkit.goodthemes.co/v/2.0.0-alpha/team-new.html]
[dashkit.goodthemes.co/v/2.0.0-alpha/feed.html]
[dashkit.goodthemes.co/v/2.0.0-alpha/social-feed.html]
[dashkit.goodthemes.co/v/2.0.0-alpha/wizard.html]
[dashkit.goodthemes.co/v/2.0.0-alpha/kanban.html]
[dashkit.goodthemes.co/v/2.0.0-alpha/orders.html]
[dashkit.goodthemes.co/v/2.0.0-alpha/invoice.html]
[dashkit.goodthemes.co/v/2.0.0-alpha/pricing.html]
[dashkit.goodthemes.co/v/2.0.0-alpha/widgets.html]
[dashkit.goodthemes.co/v/2.0.0-alpha/sign-in-cover.html]
[dashkit.goodthemes.co/v/2.0.0-alpha/sign-in-illustration.html]
[dashkit.goodthemes.co/v/2.0.0-alpha/sign-up-cover.html]
[dashkit.goodthemes.co/v/2.0.0-alpha/sign-up-illustration.html]
[dashkit.goodthemes.co/v/2.0.0-alpha/sign-up.html]
[dashkit.goodthemes.co/v/2.0.0-alpha/password-reset-cover.html]
[dashkit.goodthemes.co/v/2.0.0-alpha/password-reset-illustration.html]
[dashkit.goodthemes.co/v/2.0.0-alpha/password-reset.html]
[dashkit.goodthemes.co/v/2.0.0-alpha/error-illustration.html]
[dashkit.goodthemes.co/v/2.0.0-alpha/error.html]
[dashkit.goodthemes.co/v/2.0.0-alpha/docs/getting-started.html]
[dashkit.goodthemes.co/v/2.0.0-alpha/docs/design-file.html]
[dashkit.goodthemes.co/v/2.0.0-alpha/docs/components.html]
[dashkit.goodthemes.co/v/2.0.0-alpha/docs/changelog.html]
[dashkit.goodthemes.co/v/2.0.0-alpha/sign-in-basics.html]
[dashkit.goodthemes.co/v/2.0.0-alpha/assets/img/avatars/projects/project-5.jpg]
[dashkit.goodthemes.co/v/2.0.0-alpha/index.html]
[dashkit.goodthemes.co/v/2.0.0-alpha/assets/css/libs.bundle.css]
[dashkit.goodthemes.co/v/2.0.0-alpha/assets/js/theme.bundle.js]
[dashkit.goodthemes.co/v/2.0.0-alpha/assets/img/covers/header-cover.jpg]
[dashkit.goodthemes.co/v/2.0.0-alpha/assets/js/vendor.bundle.js]
[dashkit.goodthemes.co/v/2.0.0-alpha/assets/fonts/cerebrisans/cerebrisans-regular.eot]
[dashkit.goodthemes.co/v/2.0.0-alpha/assets/fonts/cerebrisans/cerebrisans-regulard41d.eot]
[dashkit.goodthemes.co/v/2.0.0-alpha/assets/fonts/cerebrisans/cerebrisans-regular.woff]
[dashkit.goodthemes.co/v/2.0.0-alpha/assets/fonts/cerebrisans/cerebrisans-regular.ttf]
[dashkit.goodthemes.co/v/2.0.0-alpha/assets/fonts/cerebrisans/cerebrisans-medium.eot]
[dashkit.goodthemes.co/v/2.0.0-alpha/assets/fonts/cerebrisans/cerebrisans-mediumd41d.eot]
[dashkit.goodthemes.co/v/2.0.0-alpha/assets/fonts/cerebrisans/cerebrisans-medium.woff]
[dashkit.goodthemes.co/v/2.0.0-alpha/assets/fonts/cerebrisans/cerebrisans-medium.ttf]
[dashkit.goodthemes.co/v/2.0.0-alpha/assets/fonts/cerebrisans/cerebrisans-semibold.eot]
[dashkit.goodthemes.co/v/2.0.0-alpha/assets/fonts/cerebrisans/cerebrisans-semiboldd41d.eot]
[dashkit.goodthemes.co/v/2.0.0-alpha/assets/fonts/cerebrisans/cerebrisans-semibold.woff]
[dashkit.goodthemes.co/v/2.0.0-alpha/assets/fonts/cerebrisans/cerebrisans-semibold.ttf]
[dashkit.goodthemes.co/v/2.0.0-alpha/assets/fonts/feather/Feather144f.ttf]
[dashkit.goodthemes.co/v/2.0.0-alpha/assets/fonts/feather/Feather144f.woff]
[dashkit.goodthemes.co/v/2.0.0-alpha/assets/fonts/feather/Feather144f.svg]
[dashkit.goodthemes.co/v/2.0.0-alpha/assets/img/covers/sidebar-cover.jpg]
[dashkit.goodthemes.co/v/2.0.0-alpha/assets/img/masks/avatar-status.svg]
[dashkit.goodthemes.co/v/2.0.0-alpha/assets/img/masks/avatar-group.svg]
[dashkit.goodthemes.co/v/2.0.0-alpha/assets/img/masks/avatar-group-hover.svg]
[dashkit.goodthemes.co/v/2.0.0-alpha/assets/img/masks/avatar-group-hover-last.svg]
[dashkit.goodthemes.co/v/2.0.0-alpha/assets/img/masks/icon-status.svg]
[dashkit.goodthemes.co/v/2.0.0-alpha/assets/css/theme.bundle.css]
[dashkit.goodthemes.co/v/2.0.0-alpha/assets/css/theme-dark.bundle.css]
[dashkit.goodthemes.co/v/2.0.0-alpha/assets/img/illustrations/designer-life.svg]
[dashkit.goodthemes.co/v/2.0.0-alpha/assets/img/covers/profile-cover-1.jpg]
[dashkit.goodthemes.co/v/2.0.0-alpha/assets/img/posts/post-1.jpg]
[dashkit.goodthemes.co/v/2.0.0-alpha/profile-posts.html]
[dashkit.goodthemes.co/v/2.0.0-alpha/assets/img/covers/team-cover.jpg]
[dashkit.goodthemes.co/v/2.0.0-alpha/team-overview.html]
[dashkit.goodthemes.co/v/2.0.0-alpha/profile-posts.fe.delayed]
[dashkit.goodthemes.co/v/2.0.0-alpha/assets/img/files/file-2.jpg]
[dashkit.goodthemes.co/v/2.0.0-alpha/assets/img/files/file-3.jpg]
[dashkit.goodthemes.co/v/2.0.0-alpha/project-overview.html]
[dashkit.goodthemes.co/v/2.0.0-alpha/index-2.html]
[dashkit.goodthemes.co/v/2.0.0-alpha/assets/img/logo.svg]
[dashkit.goodthemes.co/v/2.0.0-alpha/account-general.html]
[dashkit.goodthemes.co/v/2.0.0-alpha/sign-in.html]
[dashkit.goodthemes.co/v/2.0.0-alpha/dashboard-project-management.html]
[dashkit.goodthemes.co/v/2.0.0-alpha/assets/img/avatars/products/product-1.jpg]
[dashkit.goodthemes.co/v/2.0.0-alpha/assets/img/avatars/products/product-2.jpg]
[dashkit.goodthemes.co/v/2.0.0-alpha/assets/img/avatars/products/product-3.jpg]
[dashkit.goodthemes.co/v/2.0.0-alpha/assets/img/avatars/products/product-4.jpg]
[dashkit.goodthemes.co/v/2.0.0-alpha/dashboard-ecommerce.html]
[dashkit.goodthemes.co/v/2.0.0-alpha/assets/img/payment-methods/visa.svg]
[dashkit.goodthemes.co/v/2.0.0-alpha/assets/img/payment-methods/mastercard.svg]
[dashkit.goodthemes.co/v/2.0.0-alpha/account-billing.html]
[dashkit.goodthemes.co/v/2.0.0-alpha/account-members.html]
[dashkit.goodthemes.co/v/2.0.0-alpha/account-security.html]
[dashkit.goodthemes.co/v/2.0.0-alpha/account-notifications.html]
[dashkit.goodthemes.co/v/assets/img/avatars/profiles/avatar-1.jpg]
[dashkit.goodthemes.co/v/assets/img/avatars/profiles/avatar-2.jpg]
[dashkit.goodthemes.co/v/assets/img/avatars/profiles/avatar-3.jpg]
[dashkit.goodthemes.co/v/assets/img/avatars/profiles/avatar-4.jpg]
[dashkit.goodthemes.co/v/assets/img/avatars/profiles/avatar-5.jpg]
[dashkit.goodthemes.co/v/assets/img/avatars/profiles/avatar-6.jpg]
[dashkit.goodthemes.co/v/assets/img/avatars/profiles/avatar-7.jpg]
[dashkit.goodthemes.co/v/2.0.0-alpha/crm-contacts.html]
[dashkit.goodthemes.co/v/2.0.0-alpha/assets/img/avatars/teams/team-logo-3.jpg]
[dashkit.goodthemes.co/v/2.0.0-alpha/assets/img/avatars/teams/team-logo-4.jpg]
[dashkit.goodthemes.co/v/2.0.0-alpha/assets/img/avatars/teams/team-logo-5.jpg]
[dashkit.goodthemes.co/v/2.0.0-alpha/assets/img/avatars/teams/team-logo-6.jpg]
[dashkit.goodthemes.co/v/2.0.0-alpha/assets/img/avatars/teams/team-logo-7.jpg]
[dashkit.goodthemes.co/v/2.0.0-alpha/assets/img/avatars/teams/team-logo-8.jpg]
[dashkit.goodthemes.co/v/assets/img/avatars/teams/team-logo-1.jpg]
[dashkit.goodthemes.co/v/assets/img/avatars/teams/team-logo-2.jpg]
[dashkit.goodthemes.co/v/assets/img/avatars/teams/team-logo-3.jpg]
[dashkit.goodthemes.co/v/assets/img/avatars/teams/team-logo-4.jpg]
[dashkit.goodthemes.co/v/assets/img/avatars/teams/team-logo-5.jpg]
[dashkit.goodthemes.co/v/assets/img/avatars/teams/team-logo-6.jpg]
[dashkit.goodthemes.co/v/assets/img/avatars/teams/team-logo-7.jpg]
[dashkit.goodthemes.co/v/assets/img/avatars/teams/team-logo-8.jpg]
[dashkit.goodthemes.co/v/2.0.0-alpha/crm-companies.html]
[dashkit.goodthemes.co/v/2.0.0-alpha/crm-deals.html]
[dashkit.goodthemes.co/v/2.0.0-alpha/profile-groups.html]
[dashkit.goodthemes.co/v/2.0.0-alpha/assets/img/avatars/projects/project-4.jpg]
[dashkit.goodthemes.co/v/2.0.0-alpha/assets/img/avatars/projects/project-6.jpg]
[dashkit.goodthemes.co/v/2.0.0-alpha/profile-projects.html]
[dashkit.goodthemes.co/v/2.0.0-alpha/assets/img/files/file-4.jpg]
[dashkit.goodthemes.co/v/2.0.0-alpha/profile-files.html]
[dashkit.goodthemes.co/v/assets/img/covers/profile-cover-2.jpg]
[dashkit.goodthemes.co/v/assets/img/covers/profile-cover-3.jpg]
[dashkit.goodthemes.co/v/assets/img/covers/profile-cover-4.jpg]
[dashkit.goodthemes.co/v/assets/img/covers/profile-cover-5.jpg]
[dashkit.goodthemes.co/v/assets/img/covers/profile-cover-6.jpg]
[dashkit.goodthemes.co/v/assets/img/covers/profile-cover-7.jpg]
[dashkit.goodthemes.co/v/2.0.0-alpha/profile-subscribers.html]
[dashkit.goodthemes.co/v/2.0.0-alpha/project-files.html]
[dashkit.goodthemes.co/v/2.0.0-alpha/project-reports.html]
[dashkit.goodthemes.co/v/2.0.0-alpha/assets/img/illustrations/scale.svg]
[dashkit.goodthemes.co/v/2.0.0-alpha/project-new.html]
[dashkit.goodthemes.co/v/2.0.0-alpha/team-projects.html]
[dashkit.goodthemes.co/v/2.0.0-alpha/team-members.html]
[dashkit.goodthemes.co/v/2.0.0-alpha/team-new.html]
[dashkit.goodthemes.co/v/2.0.0-alpha/assets/img/illustrations/sticky.svg]
[dashkit.goodthemes.co/v/2.0.0-alpha/feed.html]
[dashkit.goodthemes.co/v/2.0.0-alpha/assets/img/illustrations/happiness.svg]
[dashkit.goodthemes.co/v/2.0.0-alpha/assets/img/kanban/kanban-2.jpg]
[dashkit.goodthemes.co/v/2.0.0-alpha/social-feed.html]
[dashkit.goodthemes.co/v/2.0.0-alpha/wizard.html]
[dashkit.goodthemes.co/v/2.0.0-alpha/assets/img/kanban/kanban-1.jpg]
[dashkit.goodthemes.co/v/2.0.0-alpha/kanban.html]
[dashkit.goodthemes.co/v/2.0.0-alpha/orders.html]
[dashkit.goodthemes.co/v/2.0.0-alpha/invoice.html]
[dashkit.goodthemes.co/v/2.0.0-alpha/pricing.html]
[dashkit.goodthemes.co/v/2.0.0-alpha/project-team-overview.html]
[dashkit.goodthemes.co/v/2.0.0-alpha/widgets.html]
[dashkit.goodthemes.co/v/2.0.0-alpha/assets/img/covers/auth-side-cover.jpg]
[dashkit.goodthemes.co/v/2.0.0-alpha/sign-in-cover.html]
[dashkit.goodthemes.co/v/2.0.0-alpha/sign-in-illustration.html]
[dashkit.goodthemes.co/v/2.0.0-alpha/sign-up-cover.html]
[dashkit.goodthemes.co/v/2.0.0-alpha/sign-up-illustration.html]
[dashkit.goodthemes.co/v/2.0.0-alpha/sign-up.html]
[dashkit.goodthemes.co/v/2.0.0-alpha/password-reset-cover.html]
[dashkit.goodthemes.co/v/2.0.0-alpha/password-reset-illustration.html]
[dashkit.goodthemes.co/v/2.0.0-alpha/password-reset.html]
[dashkit.goodthemes.co/v/2.0.0-alpha/assets/img/illustrations/coworking.svg]
[dashkit.goodthemes.co/v/2.0.0-alpha/error-illustration.html]
[dashkit.goodthemes.co/v/2.0.0-alpha/error.html]
[dashkit.goodthemes.co/v/2.0.0-alpha/assets/img/illustrations/lost.svg]
[dashkit.goodthemes.co/v/2.0.0-alpha/docs/team-new.html]
[dashkit.goodthemes.co/v/2.0.0-alpha/docs/getting-started.html]
[dashkit.goodthemes.co/v/2.0.0-alpha/assets/img/figma.jpg]
[dashkit.goodthemes.co/v/2.0.0-alpha/docs/design-file.html]
[dashkit.goodthemes.co/v/2.0.0-alpha/assets/img/covers/profile-cover-2.jpg]
[dashkit.goodthemes.co/v/2.0.0-alpha/docs/profile-posts.html]
[dashkit.goodthemes.co/v/2.0.0-alpha/docs/index.html]
[dashkit.goodthemes.co/v/assets/img/avatars/projects/project-1.jpg]
[dashkit.goodthemes.co/v/2.0.0-alpha/docs/project-overview.html]
[dashkit.goodthemes.co/v/2.0.0-alpha/docs/project-files.html]
[dashkit.goodthemes.co/v/2.0.0-alpha/docs/project-reports.html]
[dashkit.goodthemes.co/v/assets/img/covers/profile-cover-1.jpg]
[dashkit.goodthemes.co/v/2.0.0-alpha/docs/profile-groups.html]
[dashkit.goodthemes.co/v/2.0.0-alpha/docs/profile-projects.html]
[dashkit.goodthemes.co/v/2.0.0-alpha/docs/profile-files.html]
[dashkit.goodthemes.co/v/2.0.0-alpha/docs/profile-subscribers.html]
[dashkit.goodthemes.co/v/2.0.0-alpha/docs/feed.html]
[dashkit.goodthemes.co/v/2.0.0-alpha/docs/components.html]
[dashkit.goodthemes.co/v/2.0.0-alpha/docs/changelog.html]
[dashkit.goodthemes.co/v/2.0.0-alpha/sign-in-basics.html]
[dashkit.goodthemes.co/v/2.0.0-alpha/assets/fonts/feather/Feather144f.svg]
[dashkit.goodthemes.co/v/2.0.0-alpha/assets/img/masks/avatar-status.svg]
[dashkit.goodthemes.co/v/2.0.0-alpha/assets/img/masks/avatar-group.svg]
[dashkit.goodthemes.co/v/2.0.0-alpha/assets/img/masks/avatar-group-hover.svg]
[dashkit.goodthemes.co/v/2.0.0-alpha/assets/img/masks/avatar-group-hover-last.svg]
[dashkit.goodthemes.co/v/2.0.0-alpha/assets/img/masks/icon-status.svg]
[dashkit.goodthemes.co/v/2.0.0-alpha/profile-posts-2.html]
[dashkit.goodthemes.co/v/2.0.0-alpha/assets/img/payment-methods/visa.svg]
[dashkit.goodthemes.co/v/2.0.0-alpha/assets/img/payment-methods/mastercard.svg]
[dashkit.goodthemes.co/v/assets/img/avatars/profiles/avatar-1.html]
[dashkit.goodthemes.co/v/assets/img/avatars/profiles/avatar-2.html]
[dashkit.goodthemes.co/v/assets/img/avatars/profiles/avatar-3.html]
[dashkit.goodthemes.co/v/assets/img/avatars/profiles/avatar-4.html]
[dashkit.goodthemes.co/v/assets/img/avatars/profiles/avatar-5.html]
[dashkit.goodthemes.co/v/assets/img/avatars/profiles/avatar-6.html]
[dashkit.goodthemes.co/v/assets/img/avatars/profiles/avatar-7.html]
[dashkit.goodthemes.co/v/assets/img/avatars/teams/team-logo-1.html]
[dashkit.goodthemes.co/v/assets/img/avatars/teams/team-logo-2.html]
[dashkit.goodthemes.co/v/assets/img/avatars/teams/team-logo-3.html]
[dashkit.goodthemes.co/v/assets/img/avatars/teams/team-logo-4.html]
[dashkit.goodthemes.co/v/assets/img/avatars/teams/team-logo-5.html]
[dashkit.goodthemes.co/v/assets/img/avatars/teams/team-logo-6.html]
[dashkit.goodthemes.co/v/assets/img/avatars/teams/team-logo-7.html]
[dashkit.goodthemes.co/v/assets/img/avatars/teams/team-logo-8.html]
[dashkit.goodthemes.co/v/assets/img/covers/profile-cover-2.html]
[dashkit.goodthemes.co/v/assets/img/covers/profile-cover-3.html]
[dashkit.goodthemes.co/v/assets/img/covers/profile-cover-4.html]
[dashkit.goodthemes.co/v/assets/img/covers/profile-cover-5.html]
[dashkit.goodthemes.co/v/assets/img/covers/profile-cover-6.html]
[dashkit.goodthemes.co/v/assets/img/covers/profile-cover-7.html]
[dashkit.goodthemes.co/v/2.0.0-alpha/assets/img/illustrations/scale.svg]
[dashkit.goodthemes.co/v/2.0.0-alpha/assets/img/illustrations/sticky.svg]
[dashkit.goodthemes.co/v/2.0.0-alpha/assets/img/illustrations/happiness.svg]
[dashkit.goodthemes.co/v/2.0.0-alpha/project-team-overview.html]
[dashkit.goodthemes.co/v/2.0.0-alpha/assets/img/illustrations/coworking.svg]
[dashkit.goodthemes.co/v/2.0.0-alpha/assets/img/illustrations/lost.svg]
[dashkit.goodthemes.co/v/2.0.0-alpha/docs/team-new.html]
[dashkit.goodthemes.co/v/2.0.0-alpha/docs/profile-posts.html]
[dashkit.goodthemes.co/v/2.0.0-alpha/docs/index.html]
[dashkit.goodthemes.co/v/assets/img/avatars/projects/project-1.html]
[dashkit.goodthemes.co/v/2.0.0-alpha/docs/project-overview.html]
[dashkit.goodthemes.co/v/2.0.0-alpha/docs/project-files.html]
[dashkit.goodthemes.co/v/2.0.0-alpha/docs/project-reports.html]
[dashkit.goodthemes.co/v/assets/img/covers/profile-cover-1.html]
[dashkit.goodthemes.co/v/2.0.0-alpha/docs/profile-groups.html]
[dashkit.goodthemes.co/v/2.0.0-alpha/docs/profile-projects.html]
[dashkit.goodthemes.co/v/2.0.0-alpha/docs/profile-files.html]
[dashkit.goodthemes.co/v/2.0.0-alpha/docs/profile-subscribers.html]
[dashkit.goodthemes.co/v/2.0.0-alpha/docs/feed.html]
